// Jest Snapshot v1, https://goo.gl/fbAQLP

exports[`internal (haveibeenpwned): fetchFromApi invalid account format throws a "Bad Request" error 1`] = `[Error: Bad request â€” the account does not comply with an acceptable format.]`;

exports[`internal (haveibeenpwned): fetchFromApi invalid request header throws a "Forbidden" error 1`] = `[Error: Forbidden - no user agent has been specified in the request.]`;

exports[`internal (haveibeenpwned): fetchFromApi rate limited throws a "Too Many Requests" error 1`] = `[Error: Rate limit exceeded, refer to acceptable use of the API: https://haveibeenpwned.com/API/v2#AcceptableUse]`;

exports[`internal (haveibeenpwned): fetchFromApi unexpected HTTP error throws an error with the response status text 1`] = `[Error: Unknown - something unexpected happened.]`;
