// Jest Snapshot v1, https://goo.gl/fbAQLP

exports[`hibp should export an object containing the advertised functions 1`] = `
Object {
  "breach": [Function],
  "breachedAccount": [Function],
  "breaches": [Function],
  "dataClasses": [Function],
  "pasteAccount": [Function],
  "pwnedPassword": [Function],
  "pwnedPasswordRange": [Function],
  "search": [Function],
}
`;
